// Jest Snapshot v1, https://goo.gl/fbAQLP

exports[`Layout component matches snapshot 1`] = `
<div>
  <header
    class="header"
  >
    <img
      alt="Octopus Energy Logo"
      data-nimg="1"
      decoding="async"
      height="27"
      loading="lazy"
      src="/octopus-logo.svg"
      style="color: transparent;"
      width="192"
    />
    <div
      class="cart"
    >
      <img
        alt="Basket"
        data-nimg="1"
        decoding="async"
        height="27"
        loading="lazy"
        src="/basket.svg"
        style="color: transparent;"
        width="30"
      />
    </div>
  </header>
  test
  <footer
    class="footer"
  >
    <p>
      Octopus Energy Ltd is a company registered in England and Wales.
    </p>
    <p>
      Registered number: 09263424. Registered office: 33 Holborn, London, EC1N 2HT. Trading Office: 20-24 Broadwick Street, London, W1F 8HT
    </p>
  </footer>
</div>
`;
